// Jest Snapshot v1, https://goo.gl/fbAQLP

exports[`<Sidebar /> should render correctly 1`] = `
<DocumentFragment>
  <div
    class="css-1nfhpzz"
    data-testid="sidebar"
  >
    <div
      class="css-17lnxuq"
    >
      <button
        class="chakra-button css-9d0zi7"
        data-testid="sidebar-option-Coin"
        type="button"
      >
        <svg
          class="chakra-icon css-wrbp2a"
          fill="currentColor"
          focusable="false"
          height="1em"
          viewBox="0 0 256 256"
          width="1em"
          xmlns="http://www.w3.org/2000/svg"
        >
          <rect
            fill="none"
            height="256"
            width="256"
          />
          <ellipse
            cx="128"
            cy="104"
            fill="none"
            rx="104"
            ry="48"
            stroke="currentColor"
            stroke-linecap="round"
            stroke-linejoin="round"
            stroke-width="16"
          />
          <line
            fill="none"
            stroke="currentColor"
            stroke-linecap="round"
            stroke-linejoin="round"
            stroke-width="16"
            x1="128"
            x2="128"
            y1="152"
            y2="200"
          />
          <path
            d="M24,104v48c0,24,40,48,104,48s104-24,104-48V104"
            fill="none"
            stroke="currentColor"
            stroke-linecap="round"
            stroke-linejoin="round"
            stroke-width="16"
          />
          <line
            fill="none"
            stroke="currentColor"
            stroke-linecap="round"
            stroke-linejoin="round"
            stroke-width="16"
            x1="192"
            x2="192"
            y1="142.1"
            y2="190.1"
          />
          <line
            fill="none"
            stroke="currentColor"
            stroke-linecap="round"
            stroke-linejoin="round"
            stroke-width="16"
            x1="64"
            x2="64"
            y1="142.1"
            y2="190.1"
          />
        </svg>
        <p
          class="chakra-text css-1d26k2o"
          data-testid="sidebar-option-title"
        >
          Operations
        </p>
      </button>
      <button
        class="chakra-button css-9d0zi7"
        data-testid="sidebar-option-Users"
        type="button"
      >
        <svg
          class="chakra-icon css-wrbp2a"
          fill="currentColor"
          focusable="false"
          height="1em"
          viewBox="0 0 256 256"
          width="1em"
          xmlns="http://www.w3.org/2000/svg"
        >
          <rect
            fill="none"
            height="256"
            width="256"
          />
          <circle
            cx="88"
            cy="108"
            fill="none"
            r="52"
            stroke="currentColor"
            stroke-miterlimit="10"
            stroke-width="16"
          />
          <path
            d="M155.4,57.9A54.5,54.5,0,0,1,169.5,56a52,52,0,0,1,0,104"
            fill="none"
            stroke="currentColor"
            stroke-linecap="round"
            stroke-linejoin="round"
            stroke-width="16"
          />
          <path
            d="M16,197.4a88,88,0,0,1,144,0"
            fill="none"
            stroke="currentColor"
            stroke-linecap="round"
            stroke-linejoin="round"
            stroke-width="16"
          />
          <path
            d="M169.5,160a87.9,87.9,0,0,1,72,37.4"
            fill="none"
            stroke="currentColor"
            stroke-linecap="round"
            stroke-linejoin="round"
            stroke-width="16"
          />
        </svg>
        <p
          class="chakra-text css-1d26k2o"
          data-testid="sidebar-option-title"
        >
          Role Management
        </p>
      </button>
      <button
        class="chakra-button css-9d0zi7"
        data-testid="sidebar-option-Fingerprint"
        type="button"
      >
        <svg
          class="chakra-icon css-wrbp2a"
          fill="currentColor"
          focusable="false"
          height="1em"
          viewBox="0 0 256 256"
          width="1em"
          xmlns="http://www.w3.org/2000/svg"
        >
          <rect
            fill="none"
            height="256"
            width="256"
          />
          <path
            d="M50.7,184.9A127.4,127.4,0,0,0,64,128,64.2,64.2,0,0,1,88,78"
            fill="none"
            stroke="currentColor"
            stroke-linecap="round"
            stroke-linejoin="round"
            stroke-width="16"
          />
          <path
            d="M128,128a191.2,191.2,0,0,1-24,93"
            fill="none"
            stroke="currentColor"
            stroke-linecap="round"
            stroke-linejoin="round"
            stroke-width="16"
          />
          <path
            d="M96,128a32,32,0,0,1,64,0,222.3,222.3,0,0,1-21.3,95.4"
            fill="none"
            stroke="currentColor"
            stroke-linecap="round"
            stroke-linejoin="round"
            stroke-width="16"
          />
          <path
            d="M218.6,184a294.6,294.6,0,0,0,5.4-56,96,96,0,0,0-192,0,94.4,94.4,0,0,1-5.5,32"
            fill="none"
            stroke="currentColor"
            stroke-linecap="round"
            stroke-linejoin="round"
            stroke-width="16"
          />
          <path
            d="M92.8,160a161.9,161.9,0,0,1-18.1,47.9"
            fill="none"
            stroke="currentColor"
            stroke-linecap="round"
            stroke-linejoin="round"
            stroke-width="16"
          />
          <path
            d="M120,64.5a70.1,70.1,0,0,1,8-.5,64,64,0,0,1,64,64,260.6,260.6,0,0,1-2,32"
            fill="none"
            stroke="currentColor"
            stroke-linecap="round"
            stroke-linejoin="round"
            stroke-width="16"
          />
          <path
            d="M183.9,192c-1.5,5.9-3.2,11.8-5.1,17.5"
            fill="none"
            stroke="currentColor"
            stroke-linecap="round"
            stroke-linejoin="round"
            stroke-width="16"
          />
        </svg>
        <p
          class="chakra-text css-1d26k2o"
          data-testid="sidebar-option-title"
        >
          Stablecoin Details
        </p>
      </button>
      <button
        class="chakra-button css-9d0zi7"
        data-testid="sidebar-option-GearSix"
        type="button"
      >
        <svg
          class="chakra-icon css-wrbp2a"
          fill="currentColor"
          focusable="false"
          height="1em"
          viewBox="0 0 256 256"
          width="1em"
          xmlns="http://www.w3.org/2000/svg"
        >
          <rect
            fill="none"
            height="256"
            width="256"
          />
          <circle
            cx="128"
            cy="128"
            fill="none"
            r="48"
            stroke="currentColor"
            stroke-linecap="round"
            stroke-linejoin="round"
            stroke-width="16"
          />
          <path
            d="M197.4,80.7a73.6,73.6,0,0,1,6.3,10.9L229.6,106a102,102,0,0,1,.1,44l-26,14.4a73.6,73.6,0,0,1-6.3,10.9l.5,29.7a104,104,0,0,1-38.1,22.1l-25.5-15.3a88.3,88.3,0,0,1-12.6,0L96.3,227a102.6,102.6,0,0,1-38.2-22l.5-29.6a80.1,80.1,0,0,1-6.3-11L26.4,150a102,102,0,0,1-.1-44l26-14.4a73.6,73.6,0,0,1,6.3-10.9L58.1,51A104,104,0,0,1,96.2,28.9l25.5,15.3a88.3,88.3,0,0,1,12.6,0L159.7,29a102.6,102.6,0,0,1,38.2,22Z"
            fill="none"
            stroke="currentColor"
            stroke-linecap="round"
            stroke-linejoin="round"
            stroke-width="16"
          />
        </svg>
        <p
          class="chakra-text css-1d26k2o"
          data-testid="sidebar-option-title"
        >
          Settings
        </p>
      </button>
    </div>
  </div>
  <span
    hidden=""
    id="__chakra_env"
  />
</DocumentFragment>
`;
