// Jest Snapshot v1, https://goo.gl/fbAQLP

exports[`<StableCoinNotSelected /> should render correctly 1`] = `
<DocumentFragment>
  <div
    class="css-1jib1v"
    data-testid="stable-coin-not-selected-container"
  >
    <img
      alt="Safe box"
      class="chakra-image css-1faqnpj"
      data-testid="stable-coin-not-selected-logo"
      src="safe-box.svg"
    />
    <p
      class="chakra-text css-1xvinut"
      data-testid="stable-coin-not-selected-title"
    >
      Choose a stablecoin to start operating!
    </p>
    <p
      class="chakra-text css-exh7zu"
      data-testid="stable-coin-not-selected-description"
    >
      You have not chosen a stablecoin yet.
    </p>
    <p
      class="chakra-text css-c7s95i"
    >
      Choose an item to operate.
    </p>
  </div>
  <span
    hidden=""
    id="__chakra_env"
  />
</DocumentFragment>
`;
