// Jest Snapshot v1, https://goo.gl/fbAQLP

exports[`<Roles /> should render correctly 1`] = `
<DocumentFragment>
  <div
    class="chakra-stack css-16oka5y"
  >
    <h2
      class="chakra-heading css-llrpa2"
      data-testid="base-container-heading"
    >
      Role management
    </h2>
    <div
      class="css-1b6lda7"
      data-testid="base-container-children"
    >
      <div
        class="css-src872"
      >
        <h2
          class="chakra-heading css-1brd3j2"
          data-testid="subtitle"
        >
          Give / Revoke roles
        </h2>
        <div
          class="css-qbodi0"
        >
          <div
            class="css-180e663"
          >
            <button
              class="css-yidqqh"
              data-testid="direct-access-giveRole"
            >
              <div
                class="css-bv4l9q"
              >
                <svg
                  class="chakra-icon css-1f9qa95"
                  data-testid="direct-access-PlusCircle"
                  fill="currentColor"
                  focusable="false"
                  height="1em"
                  viewBox="0 0 256 256"
                  width="1em"
                  xmlns="http://www.w3.org/2000/svg"
                >
                  <rect
                    fill="none"
                    height="256"
                    width="256"
                  />
                  <circle
                    cx="128"
                    cy="128"
                    fill="none"
                    r="96"
                    stroke="currentColor"
                    stroke-miterlimit="10"
                    stroke-width="16"
                  />
                  <line
                    fill="none"
                    stroke="currentColor"
                    stroke-linecap="round"
                    stroke-linejoin="round"
                    stroke-width="16"
                    x1="88"
                    x2="168"
                    y1="128"
                    y2="128"
                  />
                  <line
                    fill="none"
                    stroke="currentColor"
                    stroke-linecap="round"
                    stroke-linejoin="round"
                    stroke-width="16"
                    x1="128"
                    x2="128"
                    y1="88"
                    y2="168"
                  />
                </svg>
              </div>
              <p
                class="chakra-text css-1mbt7nu"
                data-testid="direct-access-Give role"
              >
                Give role
              </p>
            </button>
          </div>
          <div
            class="css-180e663"
          >
            <button
              class="css-1qzs5o8"
              data-testid="direct-access-revokeRole"
              disabled=""
            >
              <div
                class="css-bv4l9q"
              >
                <svg
                  class="chakra-icon css-1f9qa95"
                  data-testid="direct-access-MinusCircle"
                  fill="currentColor"
                  focusable="false"
                  height="1em"
                  viewBox="0 0 256 256"
                  width="1em"
                  xmlns="http://www.w3.org/2000/svg"
                >
                  <rect
                    fill="none"
                    height="256"
                    width="256"
                  />
                  <circle
                    cx="128"
                    cy="128"
                    fill="none"
                    r="96"
                    stroke="currentColor"
                    stroke-miterlimit="10"
                    stroke-width="16"
                  />
                  <line
                    fill="none"
                    stroke="currentColor"
                    stroke-linecap="round"
                    stroke-linejoin="round"
                    stroke-width="16"
                    x1="88"
                    x2="168"
                    y1="128"
                    y2="128"
                  />
                </svg>
              </div>
              <p
                class="chakra-text css-1mbt7nu"
                data-testid="direct-access-Revoke role"
              >
                Revoke role
              </p>
            </button>
          </div>
          <div
            class="css-180e663"
          >
            <button
              class="css-1qzs5o8"
              data-testid="direct-access-editRole"
              disabled=""
            >
              <div
                class="css-bv4l9q"
              >
                <svg
                  class="chakra-icon css-1f9qa95"
                  data-testid="direct-access-PencilSimple"
                  fill="currentColor"
                  focusable="false"
                  height="1em"
                  viewBox="0 0 256 256"
                  width="1em"
                  xmlns="http://www.w3.org/2000/svg"
                >
                  <rect
                    fill="none"
                    height="256"
                    width="256"
                  />
                  <path
                    d="M92.7,216H48a8,8,0,0,1-8-8V163.3a7.9,7.9,0,0,1,2.3-5.6l120-120a8,8,0,0,1,11.4,0l44.6,44.6a8,8,0,0,1,0,11.4l-120,120A7.9,7.9,0,0,1,92.7,216Z"
                    fill="none"
                    stroke="currentColor"
                    stroke-linecap="round"
                    stroke-linejoin="round"
                    stroke-width="16"
                  />
                  <line
                    fill="none"
                    stroke="currentColor"
                    stroke-linecap="round"
                    stroke-linejoin="round"
                    stroke-width="16"
                    x1="136"
                    x2="192"
                    y1="64"
                    y2="120"
                  />
                </svg>
              </div>
              <p
                class="chakra-text css-1mbt7nu"
                data-testid="direct-access-Edit role"
              >
                Edit role
              </p>
            </button>
          </div>
        </div>
      </div>
    </div>
  </div>
  <span
    hidden=""
    id="__chakra_env"
  />
</DocumentFragment>
`;
