// Jest Snapshot v1, https://goo.gl/fbAQLP

exports[`<GridDirectAccess /> should render correctly 1`] = `
<DocumentFragment>
  <div
    class="css-nxcc5s"
  >
    <div
      class="css-180e663"
    >
      <button
        class="css-1g500l7"
        data-testid="direct-access-giveRole"
      >
        <div
          class="css-bv4l9q"
        >
          <svg
            class="chakra-icon css-1f9qa95"
            data-testid="direct-access-PlusCircle"
            fill="currentColor"
            focusable="false"
            height="1em"
            viewBox="0 0 256 256"
            width="1em"
            xmlns="http://www.w3.org/2000/svg"
          >
            <rect
              fill="none"
              height="256"
              width="256"
            />
            <circle
              cx="128"
              cy="128"
              fill="none"
              r="96"
              stroke="currentColor"
              stroke-miterlimit="10"
              stroke-width="16"
            />
            <line
              fill="none"
              stroke="currentColor"
              stroke-linecap="round"
              stroke-linejoin="round"
              stroke-width="16"
              x1="88"
              x2="168"
              y1="128"
              y2="128"
            />
            <line
              fill="none"
              stroke="currentColor"
              stroke-linecap="round"
              stroke-linejoin="round"
              stroke-width="16"
              x1="128"
              x2="128"
              y1="88"
              y2="168"
            />
          </svg>
        </div>
        <p
          class="chakra-text css-1mbt7nu"
          data-testid="direct-access-Enable functionallity"
        >
          Enable functionallity
        </p>
      </button>
    </div>
    <div
      class="css-180e663"
    >
      <button
        class="css-1g500l7"
        data-testid="direct-access-revokeRole"
      >
        <div
          class="css-bv4l9q"
        >
          <svg
            class="chakra-icon css-1f9qa95"
            data-testid="direct-access-MinusCircle"
            fill="currentColor"
            focusable="false"
            height="1em"
            viewBox="0 0 256 256"
            width="1em"
            xmlns="http://www.w3.org/2000/svg"
          >
            <rect
              fill="none"
              height="256"
              width="256"
            />
            <circle
              cx="128"
              cy="128"
              fill="none"
              r="96"
              stroke="currentColor"
              stroke-miterlimit="10"
              stroke-width="16"
            />
            <line
              fill="none"
              stroke="currentColor"
              stroke-linecap="round"
              stroke-linejoin="round"
              stroke-width="16"
              x1="88"
              x2="168"
              y1="128"
              y2="128"
            />
          </svg>
        </div>
        <p
          class="chakra-text css-1mbt7nu"
          data-testid="direct-access-Revoke functionallity"
        >
          Revoke functionallity
        </p>
      </button>
    </div>
  </div>
  <span
    hidden=""
    id="__chakra_env"
  />
</DocumentFragment>
`;
