// Jest Snapshot v1, https://goo.gl/fbAQLP

exports[`<Tabs /> should render correctly 1`] = `
<DocumentFragment>
  <div
    class="chakra-tabs css-1x6vjw3"
  >
    <div
      aria-orientation="horizontal"
      class="chakra-tabs__tablist css-10a73ai"
      role="tablist"
    >
      <button
        aria-controls="tabs-:r0:--tabpanel-0"
        aria-selected="true"
        class="chakra-tabs__tab css-1abs3h5"
        data-index="0"
        id="tabs-:r0:--tab-0"
        role="tab"
        tabindex="0"
        type="button"
      >
        <p
          class="chakra-text css-bak5wb"
          data-testid="tabs-tab-number-1"
        >
          01
        </p>
        <p
          class="chakra-text css-57h6bf"
          data-testid="tabs-tab-title-1"
        >
          Option 1
        </p>
      </button>
      <button
        aria-controls="tabs-:r0:--tabpanel-1"
        aria-selected="false"
        class="chakra-tabs__tab css-1abs3h5"
        data-index="1"
        id="tabs-:r0:--tab-1"
        role="tab"
        tabindex="-1"
        type="button"
      >
        <p
          class="chakra-text css-1bxd6jy"
          data-testid="tabs-tab-number-2"
        >
          02
        </p>
        <p
          class="chakra-text css-57h6bf"
          data-testid="tabs-tab-title-2"
        >
          Option 2
        </p>
      </button>
    </div>
    <div
      class="chakra-tabs__tab-panels css-27a8z"
    >
      <div
        aria-labelledby="tabs-:r0:--tab-0"
        class="chakra-tabs__tab-panel css-4278sh"
        data-testid="tabs-tabpanel-container-1"
        id="tabs-:r0:--tabpanel-0"
        role="tabpanel"
        tabindex="0"
      >
        <div
          class="chakra-stack css-1eot3nj"
        >
          <div
            class="css-1l1zmw3"
          >
            <div
              class="css-0"
            >
              Tab 1
            </div>
          </div>
          <div
            class="css-1q6t3f6"
          >
            <hr
              aria-orientation="horizontal"
              class="chakra-divider css-12thghs"
            />
            <div
              class="css-g4d8ui"
            >
              <button
                class="chakra-button css-124znom"
                data-testid="tabs-tabpanel-button-secondary-1"
                type="button"
              >
                Cancel
              </button>
              <button
                class="chakra-button css-1jvauvu"
                data-testid="tabs-tabpanel-button-primary-1"
                type="button"
              >
                Next step
              </button>
            </div>
          </div>
        </div>
      </div>
      <div
        aria-labelledby="tabs-:r0:--tab-1"
        class="chakra-tabs__tab-panel css-4278sh"
        data-testid="tabs-tabpanel-container-2"
        hidden=""
        id="tabs-:r0:--tabpanel-1"
        role="tabpanel"
        tabindex="0"
      />
    </div>
  </div>
  <span
    hidden=""
    id="__chakra_env"
  />
</DocumentFragment>
`;
