// Jest Snapshot v1, https://goo.gl/fbAQLP

exports[`<CoinDropdown /> should render correctly 1`] = `
<DocumentFragment>
  <div
    class="css-d9s5ly"
    data-testid="coin-dropdown"
  >
    <div
      class="chakra-stack css-1h0sumw"
    >
      <div
        class="chakra-form-control css-1kxonj9"
        data-testid="form_control"
        role="group"
      >
        <div
          class="css-frrdvf"
        >
          <span
            class="css-1f43avz-a11yText-A11yText"
            id="react-select-2-live-region"
          />
          <span
            aria-atomic="false"
            aria-live="polite"
            aria-relevant="additions text"
            class="css-1f43avz-a11yText-A11yText"
          />
          <div
            class=" css-15j38w8"
          >
            <div
              class="css-3y2vuh"
            >
              <span
                class="chakra-text css-4pvr19"
                data-testid="select-placeholder"
              >
                Choose Stable coin
              </span>
              <div
                class=" css-svnjlw"
                data-value=""
              >
                <input
                  aria-autocomplete="list"
                  aria-describedby="react-select-2-placeholder"
                  aria-expanded="false"
                  aria-haspopup="true"
                  autocapitalize="none"
                  autocomplete="off"
                  autocorrect="off"
                  class=" css-146k1ar-input"
                  id="field-:r0:"
                  role="combobox"
                  spellcheck="false"
                  tabindex="0"
                  type="text"
                  value=""
                />
              </div>
            </div>
            <div
              class=" css-hfbj6y"
            >
              <div
                class="css-1aabyhj"
              >
                <svg
                  class="chakra-icon css-zsadqz"
                  fill="currentColor"
                  focusable="false"
                  height="1em"
                  viewBox="0 0 256 256"
                  width="1em"
                  xmlns="http://www.w3.org/2000/svg"
                >
                  <rect
                    fill="none"
                    height="256"
                    width="256"
                  />
                  <polyline
                    fill="none"
                    points="208 96 128 176 48 96"
                    stroke="currentColor"
                    stroke-linecap="round"
                    stroke-linejoin="round"
                    stroke-width="16"
                  />
                </svg>
              </div>
            </div>
          </div>
          <input
            name="coin-dropdown"
            type="hidden"
            value=""
          />
        </div>
      </div>
    </div>
  </div>
  <span
    hidden=""
    id="__chakra_env"
  />
</DocumentFragment>
`;
