// Jest Snapshot v1, https://goo.gl/fbAQLP

exports[`<TopbarRight /> should render correctly 1`] = `
<DocumentFragment>
  <div
    class="css-166re2f"
    data-testid="topbar-right"
  >
    <div
      class="chakra-stack css-d17m5h"
    >
      <div
        class="chakra-stack css-jp20jv"
      >
        <div
          class="css-1m8iww1"
        >
          <p
            class="chakra-text css-o1au3i"
            data-testid="topbar-right-account"
          >
            0.0.123
          </p>
        </div>
        <p
          class="chakra-text css-gegx7f"
          data-testid="topbar-right-network"
        >
          TESNET
        </p>
      </div>
      <img
        class="chakra-image css-1lzenv"
        src="MetaMask_Fox.svg"
      />
    </div>
    <div
      class="css-dv2lk7"
    />
    <div
      class="css-1a9f5vk"
    >
      <svg
        class="chakra-icon css-dee54c"
        fill="currentColor"
        focusable="false"
        height="1em"
        viewBox="0 0 256 256"
        width="1em"
        xmlns="http://www.w3.org/2000/svg"
      >
        <rect
          fill="none"
          height="256"
          width="256"
        />
        <line
          fill="none"
          stroke="currentColor"
          stroke-linecap="round"
          stroke-linejoin="round"
          stroke-width="16"
          x1="128"
          x2="128"
          y1="48"
          y2="124"
        />
        <path
          d="M176,54.2a88,88,0,1,1-96,0"
          fill="none"
          stroke="currentColor"
          stroke-linecap="round"
          stroke-linejoin="round"
          stroke-width="16"
        />
      </svg>
    </div>
  </div>
  <span
    hidden=""
    id="__chakra_env"
  />
</DocumentFragment>
`;
