// Jest Snapshot v1, https://goo.gl/fbAQLP

exports[`<CreateOperationHold /> should render correctly 1`] = `
<DocumentFragment>
  <div
    class="chakra-stack css-16oka5y"
  >
    <h2
      class="chakra-heading css-bqsusc"
      data-testid="base-container-heading"
    >
      Operations
    </h2>
    <div
      class="css-1b6lda7"
      data-testid="base-container-children"
    >
      <div
        class="css-1us6gcn"
      >
        <div
          class="css-1r9sqqd"
        >
          <div
            class="chakra-stack css-n21gh5"
          >
            <h2
              class="chakra-heading css-utvjhb"
              data-testid="title"
            >
              Create hold operation
            </h2>
            <p
              class="chakra-text css-1lyqlf8"
              data-testid="operation-title"
            >
              Operation details
            </p>
            <form
              class="chakra-stack css-b5leqj"
            >
              <div
                class="chakra-stack css-1h0sumw"
              >
                <div
                  class="chakra-form-control css-1kxonj9"
                  role="group"
                >
                  <div
                    class="css-gg4vpm"
                  >
                    <label
                      class="chakra-form__label css-1hfoxt1"
                      for="field-:r1:"
                      id="field-:r1:-label"
                    >
                      <div
                        class="chakra-stack css-84zodg"
                      >
                        <p
                          class="chakra-text css-mgupmj"
                        >
                          Enter the amount
                        </p>
                        <p
                          class="chakra-text css-ftb7fv"
                          data-testid="required"
                        >
                          *
                        </p>
                      </div>
                    </label>
                  </div>
                  <div
                    class="chakra-input__group css-bx0blc"
                    data-group="true"
                  >
                    <input
                      autocomplete="off"
                      class="chakra-input css-l1kxkf"
                      data-testid="amount"
                      id="field-:r1:"
                      name="amount"
                      placeholder="0"
                      value=""
                    />
                  </div>
                </div>
              </div>
              <div
                class="chakra-stack css-1h0sumw"
              >
                <div
                  class="chakra-form-control css-1kxonj9"
                  data-testid="form-control"
                  role="group"
                >
                  <label
                    class="chakra-form__label css-1hfoxt1"
                    for="field-:r2:"
                    id="field-:r2:-label"
                  >
                    <div
                      class="chakra-stack css-84zodg"
                    >
                      <p
                        class="chakra-text css-mgupmj"
                      >
                        Expiration date
                      </p>
                      <p
                        class="chakra-text css-x3tq0c"
                      >
                        *
                      </p>
                    </div>
                  </label>
                  <div
                    class="react-datepicker-wrapper"
                  >
                    <div
                      class="react-datepicker__input-container"
                    >
                      <div
                        class="chakra-input__group css-1rp2huo"
                        data-group="true"
                      >
                        <div
                          class="chakra-input__left-element css-nc17it"
                        >
                          <div
                            class="css-1n2mv2k"
                          >
                            <svg
                              class="chakra-icon css-g5uxme"
                              fill="currentColor"
                              focusable="false"
                              height="1em"
                              viewBox="0 0 256 256"
                              width="1em"
                              xmlns="http://www.w3.org/2000/svg"
                            >
                              <rect
                                fill="none"
                                height="256"
                                width="256"
                              />
                              <rect
                                fill="none"
                                height="176"
                                rx="8"
                                stroke="currentColor"
                                stroke-linecap="round"
                                stroke-linejoin="round"
                                stroke-width="16"
                                width="176"
                                x="40"
                                y="40"
                              />
                              <line
                                fill="none"
                                stroke="currentColor"
                                stroke-linecap="round"
                                stroke-linejoin="round"
                                stroke-width="16"
                                x1="176"
                                x2="176"
                                y1="24"
                                y2="56"
                              />
                              <line
                                fill="none"
                                stroke="currentColor"
                                stroke-linecap="round"
                                stroke-linejoin="round"
                                stroke-width="16"
                                x1="80"
                                x2="80"
                                y1="24"
                                y2="56"
                              />
                              <line
                                fill="none"
                                stroke="currentColor"
                                stroke-linecap="round"
                                stroke-linejoin="round"
                                stroke-width="16"
                                x1="40"
                                x2="216"
                                y1="88"
                                y2="88"
                              />
                            </svg>
                          </div>
                        </div>
                        <input
                          class="chakra-input css-1jo7i1r"
                          id="field-:r2:"
                          placeholder="Enter the expiration date"
                          value=""
                        />
                      </div>
                    </div>
                  </div>
                </div>
              </div>
              <div
                class="chakra-stack css-1h0sumw"
              >
                <div
                  class="chakra-form-control css-1kxonj9"
                  role="group"
                >
                  <div
                    class="css-gg4vpm"
                  >
                    <label
                      class="chakra-form__label css-1hfoxt1"
                      for="field-:r3:"
                      id="field-:r3:-label"
                    >
                      <div
                        class="chakra-stack css-84zodg"
                      >
                        <p
                          class="chakra-text css-mgupmj"
                        >
                          Escrow address
                        </p>
                        <p
                          class="chakra-text css-ftb7fv"
                          data-testid="required"
                        >
                          *
                        </p>
                      </div>
                    </label>
                  </div>
                  <div
                    class="chakra-input__group css-bx0blc"
                    data-group="true"
                  >
                    <input
                      autocomplete="off"
                      class="chakra-input css-l1kxkf"
                      data-testid="escrow"
                      id="field-:r3:"
                      name="escrow"
                      placeholder="Enter the escrow address"
                      value=""
                    />
                  </div>
                </div>
              </div>
              <div
                class="chakra-stack css-1h0sumw"
              >
                <div
                  class="chakra-form-control css-1kxonj9"
                  role="group"
                >
                  <div
                    class="css-gg4vpm"
                  >
                    <label
                      class="chakra-form__label css-1hfoxt1"
                      for="field-:r4:"
                      id="field-:r4:-label"
                    >
                      <div
                        class="chakra-stack css-84zodg"
                      >
                        <p
                          class="chakra-text css-mgupmj"
                        >
                          Destination address
                        </p>
                        <p
                          class="chakra-text css-ftb7fv"
                          data-testid="required"
                        >
                          *
                        </p>
                      </div>
                    </label>
                  </div>
                  <div
                    class="chakra-input__group css-bx0blc"
                    data-group="true"
                  >
                    <input
                      autocomplete="off"
                      class="chakra-input css-l1kxkf"
                      data-testid="target"
                      id="field-:r4:"
                      name="target"
                      placeholder="Enter the destination address"
                      value=""
                    />
                  </div>
                </div>
              </div>
            </form>
          </div>
          <div
            class="chakra-stack css-eunu1i"
          >
            <div
              class="chakra-stack css-wqnj46"
            >
              <h2
                class="chakra-heading css-1udj1g5"
                data-testid="details-title"
              >
                Stablecoin details
              </h2>
              <div
                class="css-13brihr"
                data-testid="button-box"
              >
                <div
                  class="css-1i64jsd"
                >
                  <p
                    class="chakra-text css-ol2bzi"
                    data-testid="details-review-title"
                  >
                    Basic details
                  </p>
                </div>
                <div
                  class="css-0"
                >
                  <div
                    class="css-0"
                  >
                    <div
                      class="css-gg4vpm"
                      data-testid="details-review-detail-0"
                    >
                      <p
                        class="chakra-text css-9s6br4"
                      >
                        Name
                      </p>
                      <div
                        class="chakra-stack css-1c8ysgd"
                      >
                        <p
                          class="chakra-text css-mgupmj"
                        >
                          TEST_ACCELERATOR_SC
                        </p>
                      </div>
                    </div>
                    <hr
                      aria-orientation="horizontal"
                      class="chakra-divider css-zaaihy"
                      title="divider"
                    />
                  </div>
                  <div
                    class="css-0"
                  >
                    <div
                      class="css-gg4vpm"
                      data-testid="details-review-detail-1"
                    >
                      <p
                        class="chakra-text css-9s6br4"
                      >
                        Symbol
                      </p>
                      <div
                        class="chakra-stack css-1c8ysgd"
                      >
                        <p
                          class="chakra-text css-mgupmj"
                        >
                          TEST
                        </p>
                      </div>
                    </div>
                    <hr
                      aria-orientation="horizontal"
                      class="chakra-divider css-zaaihy"
                      title="divider"
                    />
                  </div>
                  <div
                    class="css-0"
                  >
                    <div
                      class="css-gg4vpm"
                      data-testid="details-review-detail-2"
                    >
                      <p
                        class="chakra-text css-9s6br4"
                      >
                        Decimals
                      </p>
                      <div
                        class="chakra-stack css-1c8ysgd"
                      >
                        <p
                          class="chakra-text css-mgupmj"
                        >
                          6
                        </p>
                      </div>
                    </div>
                  </div>
                </div>
              </div>
              <div
                class="css-13brihr"
                data-testid="button-box"
              >
                <div
                  class="css-1i64jsd"
                >
                  <p
                    class="chakra-text css-ol2bzi"
                    data-testid="details-review-title"
                  >
                    Optional details
                  </p>
                </div>
                <div
                  class="css-0"
                >
                  <div
                    class="css-0"
                  >
                    <div
                      class="css-gg4vpm"
                      data-testid="details-review-detail-0"
                    >
                      <p
                        class="chakra-text css-9s6br4"
                      >
                        Initial supply
                      </p>
                      1000
                    </div>
                    <hr
                      aria-orientation="horizontal"
                      class="chakra-divider css-zaaihy"
                      title="divider"
                    />
                  </div>
                  <div
                    class="css-0"
                  >
                    <div
                      class="css-gg4vpm"
                      data-testid="details-review-detail-1"
                    >
                      <p
                        class="chakra-text css-9s6br4"
                      >
                        Total supply
                      </p>
                      1000
                    </div>
                    <hr
                      aria-orientation="horizontal"
                      class="chakra-divider css-zaaihy"
                      title="divider"
                    />
                  </div>
                  <div
                    class="css-0"
                  >
                    <div
                      class="css-gg4vpm"
                      data-testid="details-review-detail-2"
                    >
                      <p
                        class="chakra-text css-9s6br4"
                      >
                        Max supply
                      </p>
                      1000
                    </div>
                    <hr
                      aria-orientation="horizontal"
                      class="chakra-divider css-zaaihy"
                      title="divider"
                    />
                  </div>
                  <div
                    class="css-0"
                  >
                    <div
                      class="css-gg4vpm"
                      data-testid="details-review-detail-3"
                    >
                      <p
                        class="chakra-text css-9s6br4"
                      >
                        Supply type
                      </p>
                      <div
                        class="chakra-stack css-1c8ysgd"
                      >
                        <p
                          class="chakra-text css-mgupmj"
                        >
                          Finite
                        </p>
                      </div>
                    </div>
                  </div>
                </div>
              </div>
            </div>
          </div>
        </div>
        <div
          class="css-3gu2fl"
        >
          <div
            class="chakra-stack css-1amf41o"
          >
            <button
              class="chakra-button css-1urzhdw"
              data-testid="cancel-btn"
              type="button"
            >
              Go back
            </button>
            <button
              class="chakra-button css-qvkb6r"
              data-testid="confirm-btn"
              disabled=""
              type="button"
            >
              Accept
            </button>
          </div>
        </div>
      </div>
    </div>
  </div>
  <span
    hidden=""
    id="__chakra_env"
  />
</DocumentFragment>
`;
