// Jest Snapshot v1, https://goo.gl/fbAQLP

exports[`<FactorySettings /> should render correctly 1`] = `
<DocumentFragment>
  <div
    class="chakra-stack css-16oka5y"
  >
    <h2
      class="chakra-heading css-bqsusc"
      data-testid="base-container-heading"
    >
      Settings
    </h2>
    <div
      class="css-1b6lda7"
      data-testid="base-container-children"
    />
  </div>
  <span
    hidden=""
    id="__chakra_env"
  />
</DocumentFragment>
`;
