// Jest Snapshot v1, https://goo.gl/fbAQLP

exports[`<Operations /> should render correctly 1`] = `
<DocumentFragment>
  <div
    class="chakra-stack css-16oka5y"
  >
    <h2
      class="chakra-heading css-llrpa2"
      data-testid="base-container-heading"
    >
      Operations
    </h2>
    <div
      class="css-1b6lda7"
      data-testid="base-container-children"
    >
      <div
        class="css-src872"
      >
        <h2
          class="chakra-heading css-1brd3j2"
          data-testid="subtitle"
        >
          Create new operation
        </h2>
        <div
          class="css-qbodi0"
        >
          <div
            class="css-180e663"
          >
            <button
              class="css-1g500l7"
              data-testid="direct-access-cashIn"
            >
              <div
                class="css-bv4l9q"
              >
                <svg
                  class="chakra-icon css-1f9qa95"
                  data-testid="direct-access-ArrowDown"
                  fill="currentColor"
                  focusable="false"
                  height="1em"
                  viewBox="0 0 256 256"
                  width="1em"
                  xmlns="http://www.w3.org/2000/svg"
                >
                  <rect
                    fill="none"
                    height="256"
                    width="256"
                  />
                  <line
                    fill="none"
                    stroke="currentColor"
                    stroke-linecap="round"
                    stroke-linejoin="round"
                    stroke-width="16"
                    x1="128"
                    x2="128"
                    y1="40"
                    y2="216"
                  />
                  <polyline
                    fill="none"
                    points="56 144 128 216 200 144"
                    stroke="currentColor"
                    stroke-linecap="round"
                    stroke-linejoin="round"
                    stroke-width="16"
                  />
                </svg>
              </div>
              <p
                class="chakra-text css-1mbt7nu"
                data-testid="direct-access-Cash in tokens"
              >
                Cash in tokens
              </p>
            </button>
          </div>
          <div
            class="css-180e663"
          >
            <button
              class="css-kly7w1"
              data-testid="direct-access-wipe"
              disabled=""
            >
              <div
                class="css-bv4l9q"
              >
                <svg
                  class="chakra-icon css-1f9qa95"
                  data-testid="direct-access-MinusCircle"
                  fill="currentColor"
                  focusable="false"
                  height="1em"
                  viewBox="0 0 256 256"
                  width="1em"
                  xmlns="http://www.w3.org/2000/svg"
                >
                  <rect
                    fill="none"
                    height="256"
                    width="256"
                  />
                  <circle
                    cx="128"
                    cy="128"
                    fill="none"
                    r="96"
                    stroke="currentColor"
                    stroke-miterlimit="10"
                    stroke-width="16"
                  />
                  <line
                    fill="none"
                    stroke="currentColor"
                    stroke-linecap="round"
                    stroke-linejoin="round"
                    stroke-width="16"
                    x1="88"
                    x2="168"
                    y1="128"
                    y2="128"
                  />
                </svg>
              </div>
              <p
                class="chakra-text css-1mbt7nu"
                data-testid="direct-access-Wipe tokens"
              >
                Wipe tokens
              </p>
            </button>
          </div>
          <div
            class="css-180e663"
          >
            <button
              class="css-kly7w1"
              data-testid="direct-access-rescue"
              disabled=""
            >
              <div
                class="css-bv4l9q"
              >
                <svg
                  class="chakra-icon css-1f9qa95"
                  data-testid="direct-access-ArrowsDownUp"
                  fill="currentColor"
                  focusable="false"
                  height="1em"
                  viewBox="0 0 256 256"
                  width="1em"
                  xmlns="http://www.w3.org/2000/svg"
                >
                  <rect
                    fill="none"
                    height="256"
                    width="256"
                  />
                  <polyline
                    fill="none"
                    points="112 176 80 208 48 176"
                    stroke="currentColor"
                    stroke-linecap="round"
                    stroke-linejoin="round"
                    stroke-width="16"
                  />
                  <line
                    fill="none"
                    stroke="currentColor"
                    stroke-linecap="round"
                    stroke-linejoin="round"
                    stroke-width="16"
                    x1="80"
                    x2="80"
                    y1="48"
                    y2="208"
                  />
                  <polyline
                    fill="none"
                    points="144 80 176 48 208 80"
                    stroke="currentColor"
                    stroke-linecap="round"
                    stroke-linejoin="round"
                    stroke-width="16"
                  />
                  <line
                    fill="none"
                    stroke="currentColor"
                    stroke-linecap="round"
                    stroke-linejoin="round"
                    stroke-width="16"
                    x1="176"
                    x2="176"
                    y1="208"
                    y2="48"
                  />
                </svg>
              </div>
              <p
                class="chakra-text css-1mbt7nu"
                data-testid="direct-access-Rescue tokens"
              >
                Rescue tokens
              </p>
            </button>
          </div>
          <div
            class="css-180e663"
          >
            <button
              class="css-kly7w1"
              data-testid="direct-access-cashOut"
              disabled=""
            >
              <div
                class="css-bv4l9q"
              >
                <svg
                  class="chakra-icon css-1f9qa95"
                  data-testid="direct-access-ArrowUp"
                  fill="currentColor"
                  focusable="false"
                  height="1em"
                  viewBox="0 0 256 256"
                  width="1em"
                  xmlns="http://www.w3.org/2000/svg"
                >
                  <rect
                    fill="none"
                    height="256"
                    width="256"
                  />
                  <line
                    fill="none"
                    stroke="currentColor"
                    stroke-linecap="round"
                    stroke-linejoin="round"
                    stroke-width="16"
                    x1="128"
                    x2="128"
                    y1="216"
                    y2="40"
                  />
                  <polyline
                    fill="none"
                    points="56 112 128 40 200 112"
                    stroke="currentColor"
                    stroke-linecap="round"
                    stroke-linejoin="round"
                    stroke-width="16"
                  />
                </svg>
              </div>
              <p
                class="chakra-text css-1mbt7nu"
                data-testid="direct-access-Cash out"
              >
                Cash out
              </p>
            </button>
          </div>
        </div>
      </div>
    </div>
  </div>
  <span
    hidden=""
    id="__chakra_env"
  />
</DocumentFragment>
`;
