// Jest Snapshot v1, https://goo.gl/fbAQLP

exports[`<OptionalDetails /> should render correctly 1`] = `
<DocumentFragment>
  <div
    class="chakra-stack css-1wbej9n"
  >
    <div
      class="chakra-stack css-8csoc2"
    >
      <h2
        class="chakra-heading css-p7jgmy"
        data-testid="title"
      >
        Configure Supply & Metadata
      </h2>
      <form
        class="chakra-stack css-ahthbn"
      />
    </div>
  </div>
  <span
    hidden=""
    id="__chakra_env"
  />
</DocumentFragment>
`;
