// Jest Snapshot v1, https://goo.gl/fbAQLP

exports[`<InnactivityTimer /> should render correctly when disconnect 1`] = `
<DocumentFragment>
  <span
    hidden=""
    id="__chakra_env"
  />
</DocumentFragment>
`;

exports[`<InnactivityTimer /> should render correctly when paired 1`] = `
<DocumentFragment>
  <span
    hidden=""
    id="__chakra_env"
  />
</DocumentFragment>
`;
